C51 COMPILER V9.60.7.0   ADC                                                               12/24/2024 11:00:38 PAGE 1   


C51 COMPILER V9.60.7.0, COMPILATION OF MODULE ADC
OBJECT MODULE PLACED IN .\Output\adc.obj
COMPILER INVOKED BY: D:\APP\Keil_v5\C51\BIN\C51.EXE Core\Src\adc.c LARGE OPTIMIZE(8,SPEED) BROWSE INCDIR(.\BSP\Inc;.\Cor
                    -e\Inc;.\Drivers;.\Emembed\Inc;.\Emembed\Inc;.\Middlewares;.\SYSTEM) DEBUG OBJECTEXTEND PRINT(.\Listings\adc.lst) OBJECT(
                    -.\Output\adc.obj)

line level    source

   1          #include "adc.h"
   2          
   3          #define ADC_POWER   0x80            //ADC电源控制位
   4          #define ADC_START   0x40           //ADC起始控制位
   5          #define ADC_FLAG    0x20            //ADC完成标志
   6          
   7          /**
   8           * @brief ADC Init
   9           *
  10           * @param[in] 
  11           * 
  12           * @return  NULL
  13           * 
  14           * */
  15          
  16          void ADC_Init( void )
  17          {       
  18   1          ADC_CONTR |= ADC_POWER;     //开AD转换电源
  19   1          delay_ms(10);               //适当延时等待AD转换供电稳定
  20   1      
  21   1              ADCCFG    &= 0xFC;          //AD转换速度为416个时钟数转换一次
  22   1              ADCCFG    |= 0x0C;          //AD转换速度为416个时钟数转换一次
  23   1          
  24   1              ADC_CONTR &= 0xDF;          //清AD转换完成标志
  25   1                      
  26   1              EADC       = 0;             //禁止ADC转换中断
  27   1              ADCCFG    |= 0x20;          //ADC转换结果ADC_RES存高4位，ADC_RESL存低8位
  28   1      }
  29          
  30          /**
  31           * @brief ADC口检测AD转换值函数
  32           *
  33           * @param[in] channel_x：ADC检测通道 
  34           * 
  35           * @return  ADC value ： 12bit（ H-4 L-8）
  36           * 
  37           * */
  38          
  39          uint16_t Get_ADC12bitResult( uint8_t channel_x )        
  40          {
  41   1          uint16_t adc_value = 0;
  42   1      
  43   1          /* 1, 启动ADC转换                           */
  44   1          ADC_CONTR &= 0xF0;
  45   1          ADC_CONTR |= (channel_x+11); 
  46   1          ADC_CONTR |= ADC_START;     
  47   1      
  48   1          /* 2, 等待ADC转换完成，关闭ADC转换                       */
  49   1          while (!(ADC_CONTR & ADC_FLAG));  
  50   1          ADC_CONTR &= 0xBF;
  51   1          ADC_CONTR &= ~ADC_FLAG; 
  52   1      
  53   1          /* 3, 赋值给 adc_value 作为返回值           */
C51 COMPILER V9.60.7.0   ADC                                                               12/24/2024 11:00:38 PAGE 2   

  54   1          adc_value  = ADC_RESL;
  55   1          adc_value |= (ADC_RES << 8);
  56   1      
  57   1          return adc_value;
  58   1      }
  59          
  60          
  61          


MODULE INFORMATION:   STATIC OVERLAYABLE
   CODE SIZE        =     63    ----
   CONSTANT SIZE    =   ----    ----
   XDATA SIZE       =   ----    ----
   PDATA SIZE       =   ----    ----
   DATA SIZE        =   ----    ----
   IDATA SIZE       =   ----    ----
   BIT SIZE         =   ----    ----
END OF MODULE INFORMATION.


C51 COMPILATION COMPLETE.  0 WARNING(S),  0 ERROR(S)
