C51 COMPILER V9.60.7.0   MAIN                                                              12/08/2024 02:25:36 PAGE 1   


C51 COMPILER V9.60.7.0, COMPILATION OF MODULE MAIN
OBJECT MODULE PLACED IN .\Output\main.obj
COMPILER INVOKED BY: D:\APP\Keil_STM32\C51\BIN\C51.EXE Core\Src\main.c LARGE OPTIMIZE(8,SPEED) BROWSE INCDIR(.\BSP\Inc;.
                    -\Core\Inc;.\Drivers;.\Emembed\Inc;.\Emembed\Inc;.\Middlewares;.\SYSTEM) DEBUG OBJECTEXTEND PRINT(.\Listings\main.lst) OB
                    -JECT(.\Output\main.obj)

line level    source

   1          #include "main.h"
   2          #include "serial_comport.h"
   3          #include "ntc.h"
   4          #include "pwmset.h"
   5          #include "screen.h"
   6          #include "eeprom_read_write.h"
   7          
   8          void main( void )
   9          {
  10   1          P_SW2 |= 0x80;
  11   1          GPIO_Init();
  12   1          ADC_Init();
  13   1          Uart1_Init();
  14   1          Uart4_Init();
  15   1          Tim0_Init();
  16   1          Tim1_Init();
  17   1          Tim3_Init();
  18   1          
  19   1          ET0_Init();
  20   1          PWM_Init();  
  21   1          
  22   1          EA = 1;
  23   1      
  24   1          printf("======== code start ========\r\n");  
  25   1          while (1)
  26   1          {
  27   2          //     temp = (uint8_t)get_temp(1);
  28   2          //    // PWM7_Crl(5);
  29   2          //     PWM8_Crl(1);
  30   2          //     delay_ms(560);
  31   2          //     printf(" now temp is: %d \r\n",(int)temp);
  32   2              // Uart1_SendStr("t18.txt=\"cccc...\"");        
  33   2              // Uart1_Sendbyte(0xff);
  34   2              // Uart1_Sendbyte(0xff);
  35   2              // Uart1_Sendbyte(0xff);
  36   2              // receive_form_screen();
  37   2              // //temp_sacn();
  38   2              // relay = 1;
  39   2              // delay_ms(1000);
  40   2              // relay = 0;
  41   2              // delay_ms(1000);
  42   2              // OUT24 = 1;
  43   2              // //rs485();
  44   2              testcode();
  45   2          }
  46   1          
  47   1      }


MODULE INFORMATION:   STATIC OVERLAYABLE
   CODE SIZE        =     46    ----
   CONSTANT SIZE    =     31    ----
   XDATA SIZE       =   ----    ----
C51 COMPILER V9.60.7.0   MAIN                                                              12/08/2024 02:25:36 PAGE 2   

   PDATA SIZE       =   ----    ----
   DATA SIZE        =   ----    ----
   IDATA SIZE       =   ----    ----
   BIT SIZE         =   ----    ----
END OF MODULE INFORMATION.


C51 COMPILATION COMPLETE.  0 WARNING(S),  0 ERROR(S)
