C51 COMPILER V9.60.7.0   NTC                                                               12/08/2024 02:25:36 PAGE 1   


C51 COMPILER V9.60.7.0, COMPILATION OF MODULE NTC
OBJECT MODULE PLACED IN .\Output\ntc.obj
COMPILER INVOKED BY: D:\APP\Keil_STM32\C51\BIN\C51.EXE BSP\Src\ntc.c LARGE OPTIMIZE(8,SPEED) BROWSE INCDIR(.\BSP\Inc;.\C
                    -ore\Inc;.\Drivers;.\Emembed\Inc;.\Emembed\Inc;.\Middlewares;.\SYSTEM) DEBUG OBJECTEXTEND PRINT(.\Listings\ntc.lst) OBJEC
                    -T(.\Output\ntc.obj)

line level    source

   1          #include "ntc.h"
   2          
   3          #define NTCTabNum 121
   4          
   5          //      MF52E 10K at 25    B = 3950    ADC = 12 bits
   6          static uint16_t MF52E_tab[NTCTabNum]={
   7          
   8              980,/* 0 */
   9              1017,/* 1 */     1055,/* 2 */     1093,/* 3 */     1132,/* 3 */     1172,/* 5 */
  10              1213,/* 6 */     1254,/* 7 */     1295,/* 8 */     1337,/* 9 */     1380,/* 10 */
  11              1423,/* 11 */    1466,/* 12 */    1510,/* 13 */    1554,/* 14 */    1598,/* 15 */
  12              1643,/* 16 */    1688,/* 17 */    1733,/* 18 */    1778,/* 19 */    1823,/* 20 */
  13              1868,/* 21 */    1913,/* 22 */    1958,/* 23 */    2003,/* 24 */    2048,/* 25 */
  14              2092,/* 26 */    2136,/* 27 */    2180,/* 28 */    2224,/* 29 */    2267,/* 30 */
  15              2310,/* 31 */    2352,/* 32 */    2394,/* 33 */    2435,/* 34 */    2476,/* 35 */
  16              2517,/* 36 */    2556,/* 37 */    2595,/* 38 */    2634,/* 39 */    2672,/* 40 */
  17              2709,/* 41 */    2746,/* 42 */    2781,/* 43 */    2817,/* 44 */    2851,/* 45 */
  18              2885,/* 46 */    2918,/* 47 */    2950,/* 48 */    2982,/* 49 */    3013,/* 50 */
  19              3043,/* 51 */    3073,/* 52 */    3101,/* 53 */    3129,/* 54 */    3157,/* 55 */
  20              3183,/* 56 */    3209,/* 57 */    3235,/* 58 */    3259,/* 59 */    3283,/* 60 */
  21              3307,/* 61 */    3329,/* 62 */    3352,/* 63 */    3373,/* 64 */    3394,/* 65 */
  22              3414,/* 66 */    3434,/* 67 */    3453,/* 68 */    3471,/* 69 */    3489,/* 70 */
  23              3507,/* 71 */    3524,/* 72 */    3540,/* 73 */    3556,/* 74 */    3572,/* 75 */
  24              3587,/* 76 */    3601,/* 77 */    3615,/* 78 */    3629,/* 79 */    3642,/* 80 */
  25              3655,/* 81 */    3668,/* 82 */    3680,/* 83 */    3692,/* 84 */    3703,/* 85 */
  26              3714,/* 86 */    3724,/* 87 */    3734,/* 88 */    3744,/* 89 */    3754,/* 90 */
  27              3763,/* 91 */    3772,/* 92 */    3781,/* 93 */    3790,/* 94 */    3798,/* 95 */
  28              3806,/* 96 */    3814,/* 97 */    3822,/* 98 */    3829,/* 99 */    3836,/* 100 */
  29              3843,/* 101 */   3850,/* 102 */   3856,/* 103 */   3862,/* 104 */   3868,/* 105 */
  30              3874,/* 106 */   3880,/* 107 */   3886,/* 108 */   3892,/* 109 */   3897,/* 110 */
  31              3902,/* 111 */   3907,/* 112 */   3912,/* 113 */   3917,/* 114 */   3922,/* 115 */
  32              3927,/* 116 */   3931,/* 117 */   3935,/* 118 */   3940,/* 119 */   3944 /* 120 */
  33          };
  34          
  35          
  36          
  37          /**
  38           * @brief 查表 找到adc_val对应的temp
  39           *
  40           * @param[in] temp_tab 对照表
  41           * @param[in] tab_num 表元素个数
  42           * @param[in] adc_val adc_val
  43           * 
  44           * @return  temp
  45           * 
  46           * */
  47          
  48          uint8_t LookupTable( uint16_t *temp_tab, uint8_t tab_num, uint16_t adc_val )
  49          {
  50   1                      uint8_t i,temp_val = 0;
  51   1              
  52   1                      for( i = 0; i < (tab_num-1); i++ )
  53   1                      {
C51 COMPILER V9.60.7.0   NTC                                                               12/08/2024 02:25:36 PAGE 2   

  54   2                                      if(( adc_val >= temp_tab[i] ) && ( adc_val < temp_tab[i+1]) )
  55   2                                      temp_val = i;   
  56   2                      }
  57   1                      return temp_val;
  58   1      }
  59          
  60          /**
  61           * @brief 取10次adc_val均值对应的temp
  62           *
  63           * @param[in] channle_x ntc通道1~6 
  64           * 
  65           * @return  temp :最终温度
  66           * 
  67           * */
  68          
  69          uint16_t get_temp( uint8_t channle_x )
  70          {
  71   1          uint8_t t;
  72   1          uint16_t adc_val = 0;
  73   1          uint16_t temp;
  74   1      
  75   1          /* 1, 取10次adc_val                           */
  76   1          for( t = 0; t < 10; t++ )
  77   1                      {
  78   2                              adc_val += Get_ADC12bitResult(channle_x);
  79   2            //printf("adc value is: %d \r\n",(int)adc_val);
  80   2                      }              
  81   1          adc_val = adc_val/10;
  82   1      
  83   1          /* 2, 查表，找到对应温度值                     */
  84   1          temp = LookupTable( MF52E_tab, NTCTabNum, adc_val );
  85   1      
  86   1          return temp;
  87   1      }


MODULE INFORMATION:   STATIC OVERLAYABLE
   CODE SIZE        =    229    ----
   CONSTANT SIZE    =   ----    ----
   XDATA SIZE       =    242      12
   PDATA SIZE       =   ----    ----
   DATA SIZE        =   ----    ----
   IDATA SIZE       =   ----    ----
   BIT SIZE         =   ----    ----
END OF MODULE INFORMATION.


C51 COMPILATION COMPLETE.  0 WARNING(S),  0 ERROR(S)
