C51 COMPILER V9.60.7.0   PWM                                                               12/24/2024 11:00:38 PAGE 1   


C51 COMPILER V9.60.7.0, COMPILATION OF MODULE PWM
OBJECT MODULE PLACED IN .\Output\pwm.obj
COMPILER INVOKED BY: D:\APP\Keil_v5\C51\BIN\C51.EXE Core\Src\pwm.c LARGE OPTIMIZE(8,SPEED) BROWSE INCDIR(.\BSP\Inc;.\Cor
                    -e\Inc;.\Drivers;.\Emembed\Inc;.\Emembed\Inc;.\Middlewares;.\SYSTEM) DEBUG OBJECTEXTEND PRINT(.\Listings\pwm.lst) OBJECT(
                    -.\Output\pwm.obj)

line level    source

   1          #include "pwm.h"
   2          
   3          void PWM_Init( void )
   4          {
   5   1              P_SW2     |= 0X80;  
   6   1              
   7   1          PWMB_PS   |= 0x00;          //高级 PWM 通道 PWM5-P2.0  PWM6-P2.1N PWM7-P2.2  PWM8-P2.3
   8   1          
   9   1          PWMB_CCER1 = 0x00;          //清零CC5E、CC6E关闭通道
  10   1          PWMB_CCER2 = 0x00;          //清零CC7E、CC8E关闭通道
  11   1      
  12   1          PWMB_CCMR1 = 0X70;          //输入捕获n滤波器选择 PWM5
  13   1          PWMB_CCMR2 = 0X70;          //输入捕获n滤波器选择 PWM6
  14   1          PWMB_CCMR3 = 0x70;          //输入捕获n滤波器选择 PWM7
  15   1          PWMB_CCMR4 = 0x70;          //输入捕获n滤波器选择 PWM8
  16   1          
  17   1          PWMB_CCER1 = 0x11;          //配置通道PWM5 & PWM6 输出使能和极性 
  18   1          PWMB_CCER2 = 0x11;          //配置通道PWM7 & PWM8 输出使能和极性 
  19   1      
  20   1          PWMB_ARR   = 0x0452;        //设置自动重装载寄存器值
  21   1                       
  22   1          PWMB_PSCR  = 0x0008;        //设置频率   频率越大 波形越平滑  1ms
  23   1          PWMB_CCR5  = 0x012C;        //设置PWM5占空比
  24   1          PWMB_CCR6  = 0x012C;        //设置PWM6占空比
  25   1          PWMB_CCR7  = 0x012C;        //设置PWM7占空比
  26   1          PWMB_CCR8  = 0x012C;        //设置PWM8占空比
  27   1      
  28   1          PWMB_ENO  |= 0x55;          //使能 PWM5 & PWM6 & PWM7 & PWM8 输出
  29   1      
  30   1          PWMB_BKR   = 0x80;          //使能主输出
  31   1          PWMB_CR1  |= 0x01;          //将CEN2位置1，开始计时        
  32   1      }
  33          


MODULE INFORMATION:   STATIC OVERLAYABLE
   CODE SIZE        =    107    ----
   CONSTANT SIZE    =   ----    ----
   XDATA SIZE       =   ----    ----
   PDATA SIZE       =   ----    ----
   DATA SIZE        =   ----    ----
   IDATA SIZE       =   ----    ----
   BIT SIZE         =   ----    ----
END OF MODULE INFORMATION.


C51 COMPILATION COMPLETE.  0 WARNING(S),  0 ERROR(S)
