C51 COMPILER V9.60.7.0   PWMSET                                                            12/24/2024 11:00:39 PAGE 1   


C51 COMPILER V9.60.7.0, COMPILATION OF MODULE PWMSET
OBJECT MODULE PLACED IN .\Output\pwmset.obj
COMPILER INVOKED BY: D:\APP\Keil_v5\C51\BIN\C51.EXE BSP\Src\pwmset.c LARGE OPTIMIZE(8,SPEED) BROWSE INCDIR(.\BSP\Inc;.\C
                    -ore\Inc;.\Drivers;.\Emembed\Inc;.\Emembed\Inc;.\Middlewares;.\SYSTEM) DEBUG OBJECTEXTEND PRINT(.\Listings\pwmset.lst) OB
                    -JECT(.\Output\pwmset.obj)

line level    source

   1          #include "pwmset.h"
   2          
   3          void PWM_Crl( uint8_t channel_num, uint8_t wind_num )
   4          {
   5   1           switch(channel_num)
   6   1          {
   7   2              case PWMx_5:
   8   2                  PWMB_CCR5 = 184 * wind_num;
   9   2                  break;
  10   2              case PWMx_6:
  11   2                  PWMB_CCR6 = 184 * wind_num;
  12   2                  break;
  13   2              case PWMx_7:
  14   2                  PWMB_CCR7 = 184 * wind_num;
  15   2                  break;
  16   2              case PWMx_8:
  17   2                  PWMB_CCR8 = 184 * wind_num;
  18   2                  break;                                    
  19   2          }
  20   1      }


MODULE INFORMATION:   STATIC OVERLAYABLE
   CODE SIZE        =     64    ----
   CONSTANT SIZE    =   ----    ----
   XDATA SIZE       =   ----    ----
   PDATA SIZE       =   ----    ----
   DATA SIZE        =   ----    ----
   IDATA SIZE       =   ----    ----
   BIT SIZE         =   ----    ----
END OF MODULE INFORMATION.


C51 COMPILATION COMPLETE.  0 WARNING(S),  0 ERROR(S)
