C51 COMPILER V9.60.7.0   SCREEN                                                            12/08/2024 16:13:44 PAGE 1   


C51 COMPILER V9.60.7.0, COMPILATION OF MODULE SCREEN
OBJECT MODULE PLACED IN .\Output\screen.obj
COMPILER INVOKED BY: D:\APP\Keil_v5\C51\BIN\C51.EXE Emembed\Src\screen.c LARGE OPTIMIZE(8,SPEED) BROWSE INCDIR(.\BSP\Inc
                    -;.\Core\Inc;.\Drivers;.\Emembed\Inc;.\Emembed\Inc;.\Middlewares;.\SYSTEM) DEBUG OBJECTEXTEND PRINT(.\Listings\screen.lst
                    -) OBJECT(.\Output\screen.obj)

line level    source

   1          #include "screen.h"
   2          
   3          uint8_t screen_hand_flag = 0;
   4          
   5          void receive_form_screen( void )
   6          {
   7   1          if( RX1_rev_end_flag == 1 )
   8   1          {
   9   2              RX1_rev_end_flag = 0;
  10   2              if(RX1_buf[0] == MASTER_ADDR)        //屏幕→主机
  11   2              {
  12   3                  switch(RX1_buf[1])
  13   3                  { 
  14   4                      case SLAVE_ADDR_SCREEN:     //屏幕connect 0x63
  15   4                          screen_init();
  16   4                          break;
  17   4                          
  18   4                      case 0xA1:                  //写入温度设定值
  19   4                          setting_temp1 = RX1_buf[2];
  20   4                          setting_temp2 = RX1_buf[3];
  21   4                          setting_temp3 = RX1_buf[4];
  22   4                          setting_temp4 = RX1_buf[5];
  23   4      
  24   4                          eeprom_write_flag = 1; 
  25   4                          
  26   4                          break;
  27   4                      
  28   4                      case 0xA2:                
  29   4      
  30   4                          break;
  31   4      
  32   4                      case 0xA3:                  
  33   4      
  34   4                          break;
  35   4                      
  36   4                      case 0xA4:                
  37   4      
  38   4                          break;
  39   4      
  40   4                      case 0xA5:                  
  41   4      
  42   4                          break;
  43   4                      
  44   4                      case 0xA6:                  
  45   4      
  46   4                          break;
  47   4                  }
  48   3              }
  49   2          }
  50   1      
  51   1      
  52   1      }
  53          
C51 COMPILER V9.60.7.0   SCREEN                                                            12/08/2024 16:13:44 PAGE 2   

  54          void screen_init()
  55          {
  56   1          if(RX1_buf[2]==0xCA)
  57   1          {    
  58   2              Uart1_SendStr("t0.txt=\"Connecting...\"");     screen_send_over(); 
  59   2          }
  60   1      
  61   1          if(RX1_buf[2]==0xCB)
  62   1          {
  63   2              Uart1_SendStr("t0.txt=\"Connected\"");          screen_send_over(); 
  64   2              //sendstr_to_screen("n0.val=%d",wind_level);
  65   2              sendstr_to_screen("n0.val=%d",setting_temp1); 
  66   2              sendstr_to_screen("n1.val=%d",setting_temp2); 
  67   2              sendstr_to_screen("n2.val=%d",setting_temp3); 
  68   2              sendstr_to_screen("n3.val=%d",setting_temp4); 
  69   2                    
  70   2              screen_hand_flag = 1;
  71   2          }
  72   1           
  73   1          if(screen_hand_flag == 1)
  74   1          {
  75   2              if(RX1_buf[2]==0xCC)
  76   2              {
  77   3                  screen_hand_flag = 2;
  78   3              }
  79   2              else
  80   2              {
  81   3                  Uart1_SendStr("getFrameFlag1=1");           screen_send_over();  
  82   3                  Uart1_SendStr("tm0.en=1");                  screen_send_over(); 
  83   3              }
  84   2          }  
  85   1      }
  86          
  87          void sendstr_to_screen(const char* prefix, uint8_t value)
  88          {
  89   1          char send_buf[50];
  90   1          
  91   1          sprintf(send_buf, "%s%d", prefix, (int)value);
  92   1      
  93   1          Uart1_SendStr(send_buf);
  94   1      
  95   1          screen_send_over();
  96   1          
  97   1          delay_ms(120);
  98   1      }
  99          
 100          void screen_send_over()
 101          {
 102   1          Uart1_Sendbyte(0xff);
 103   1          Uart1_Sendbyte(0xff);
 104   1          Uart1_Sendbyte(0xff);
 105   1      
 106   1          delay_ms(120);
 107   1      }


MODULE INFORMATION:   STATIC OVERLAYABLE
   CODE SIZE        =    307    ----
   CONSTANT SIZE    =    112    ----
   XDATA SIZE       =      1      53
   PDATA SIZE       =   ----    ----
   DATA SIZE        =   ----    ----
C51 COMPILER V9.60.7.0   SCREEN                                                            12/08/2024 16:13:44 PAGE 3   

   IDATA SIZE       =   ----    ----
   BIT SIZE         =   ----    ----
END OF MODULE INFORMATION.


C51 COMPILATION COMPLETE.  0 WARNING(S),  0 ERROR(S)
