C51 COMPILER V9.60.7.0   SCREEN                                                            12/24/2024 11:00:39 PAGE 1   


C51 COMPILER V9.60.7.0, COMPILATION OF MODULE SCREEN
OBJECT MODULE PLACED IN .\Output\screen.obj
COMPILER INVOKED BY: D:\APP\Keil_v5\C51\BIN\C51.EXE Emembed\Src\screen.c LARGE OPTIMIZE(8,SPEED) BROWSE INCDIR(.\BSP\Inc
                    -;.\Core\Inc;.\Drivers;.\Emembed\Inc;.\Emembed\Inc;.\Middlewares;.\SYSTEM) DEBUG OBJECTEXTEND PRINT(.\Listings\screen.lst
                    -) OBJECT(.\Output\screen.obj)

line level    source

   1          #include "screen.h"
   2          
   3          uint8_t screen_hand_flag = 0;
   4          
   5          void receive_form_screen ( void )
   6          {
   7   1          if( RX1_rev_end_flag == 1 )
   8   1          {
   9   2              RX1_rev_end_flag = 0;
  10   2              if(RX1_buf[0] == MASTER_ADDR)        //屏幕→主机
  11   2              {
  12   3                  switch(RX1_buf[1])
  13   3                  { 
  14   4                       case SLAVE_ADDR_SCREEN:     //屏幕connect 0x63
  15   4                          screen_init();
  16   4                          break;
  17   4                          
  18   4                      case 0xA1:                  //写入温度设定值.
  19   4      
  20   4                          setting_temp1 = RX1_buf[2];
  21   4                          setting_temp2 = RX1_buf[3];
  22   4                          setting_temp3 = RX1_buf[4];
  23   4                          setting_temp4 = RX1_buf[5];
  24   4      
  25   4                          eeprom_write_flag = 1; 
  26   4                          
  27   4                          break;
  28   4                      
  29   4                      case 0xA2:                
  30   4                          buzzer = RX1_buf[2];
  31   4                          break;
  32   4      
  33   4                      case 0xA3:                  
  34   4                          wind_crl(7,RX1_buf[2]);
  35   4                          wind_crl(8,RX1_buf[2]);
  36   4                          break;
  37   4                      
  38   4                      case 0xA4:                
  39   4                          relay = RX1_buf[2];
  40   4                          break;
  41   4      
  42   4                      case 0xA5:                  
  43   4                          DC_24out2 = RX1_buf[2];
  44   4                          break;
  45   4                      
  46   4                      case 0xA6:                  
  47   4                          if(RX1_buf[2] == 1)
  48   4                          {
  49   5                              heating_flag1 = heating_flag2 = heating_flag3 = heating_flag4 = 1; 
  50   5                          }else
  51   4                          {
  52   5                              heating_flag1 = heating_flag2 = heating_flag3 = heating_flag4 = 0; 
  53   5                          }
C51 COMPILER V9.60.7.0   SCREEN                                                            12/24/2024 11:00:39 PAGE 2   

  54   4                          break;
  55   4                  }
  56   3              }
  57   2          }
  58   1      }
  59          
  60          void screen_init()
  61          {
  62   1          if(RX1_buf[2]==0xCA)
  63   1          {    
  64   2              Uart1_SendStr("t0.txt=\"Connecting...\"");     screen_send_over(); 
  65   2          }
  66   1      
  67   1          if(RX1_buf[2]==0xCB)
  68   1          {
  69   2              Uart1_SendStr("t0.txt=\"Connected\"");          screen_send_over(); 
  70   2              //sendstr_to_screen("n0.val=%d",wind_level);
  71   2              sendstr_to_screen("n0.val=%d",setting_temp1); 
  72   2              sendstr_to_screen("n1.val=%d",setting_temp2); 
  73   2              sendstr_to_screen("n2.val=%d",setting_temp3); 
  74   2              sendstr_to_screen("n3.val=%d",setting_temp4); 
  75   2                    
  76   2              screen_hand_flag = 1;
  77   2          }
  78   1           
  79   1          if(screen_hand_flag == 1)
  80   1          {
  81   2              if(RX1_buf[2]==0xCC)
  82   2              {
  83   3                  screen_hand_flag = 2;
  84   3              }
  85   2              else
  86   2              {
  87   3                  Uart1_SendStr("getFrameFlag1=1");           screen_send_over();  
  88   3                  Uart1_SendStr("tm0.en=1");                  screen_send_over(); 
  89   3              }
  90   2          }  
  91   1      }
  92          
  93          void sendstr_to_screen(const char* prefix, uint8_t value)
  94          {
  95   1          char send_buf[50];
  96   1          
  97   1          sprintf(send_buf, "%s%d", prefix, (int)value);
  98   1      
  99   1          Uart1_SendStr(send_buf);
 100   1      
 101   1          screen_send_over();
 102   1          
 103   1          delay_ms(120);
 104   1      }
 105          
 106          void screen_send_over()
 107          {
 108   1          Uart1_Sendbyte(0xff);
 109   1          Uart1_Sendbyte(0xff);
 110   1          Uart1_Sendbyte(0xff);
 111   1      
 112   1          delay_ms(120);
 113   1      }


C51 COMPILER V9.60.7.0   SCREEN                                                            12/24/2024 11:00:39 PAGE 3   

MODULE INFORMATION:   STATIC OVERLAYABLE
   CODE SIZE        =    424    ----
   CONSTANT SIZE    =    112    ----
   XDATA SIZE       =      1      53
   PDATA SIZE       =   ----    ----
   DATA SIZE        =   ----    ----
   IDATA SIZE       =   ----    ----
   BIT SIZE         =   ----    ----
END OF MODULE INFORMATION.


C51 COMPILATION COMPLETE.  0 WARNING(S),  0 ERROR(S)
