C51 COMPILER V9.60.7.0   WIND_CRL                                                          12/24/2024 11:00:39 PAGE 1   


C51 COMPILER V9.60.7.0, COMPILATION OF MODULE WIND_CRL
OBJECT MODULE PLACED IN .\Output\wind_crl.obj
COMPILER INVOKED BY: D:\APP\Keil_v5\C51\BIN\C51.EXE Emembed\Src\wind_crl.c LARGE OPTIMIZE(8,SPEED) BROWSE INCDIR(.\BSP\I
                    -nc;.\Core\Inc;.\Drivers;.\Emembed\Inc;.\Emembed\Inc;.\Middlewares;.\SYSTEM) DEBUG OBJECTEXTEND PRINT(.\Listings\wind_crl
                    -.lst) OBJECT(.\Output\wind_crl.obj)

line level    source

   1          #include "wind_crl.h"
   2          
   3          bit wind_bit = 0;
   4          
   5          void wind_crl( uint8_t channel_num , uint8_t wind_num )
   6          {
   7   1          PWM_Crl( channel_num, wind_num );
   8   1          eeprom_write_flag = 1;
   9   1      }


MODULE INFORMATION:   STATIC OVERLAYABLE
   CODE SIZE        =      6    ----
   CONSTANT SIZE    =   ----    ----
   XDATA SIZE       =   ----    ----
   PDATA SIZE       =   ----    ----
   DATA SIZE        =   ----    ----
   IDATA SIZE       =   ----    ----
   BIT SIZE         =      1    ----
END OF MODULE INFORMATION.


C51 COMPILATION COMPLETE.  0 WARNING(S),  0 ERROR(S)
